// Jest Snapshot v1, https://goo.gl/fbAQLP

exports[`Integration | Adapter -> Brain #findOrCreateUser no user creates a new one 1`] = `undefined`;
